// Jest Snapshot v1, https://goo.gl/fbAQLP

exports[`<MediaCard /> renders correctly 1`] = `
<div
  className="MuiPaper-root MuiCard-root makeStyles-root-1 MuiPaper-elevation1 MuiPaper-rounded"
>
  <div
    className="MuiCardHeader-root"
  >
    <div
      className="MuiCardHeader-avatar"
    >
      <div
        className="MuiAvatar-root MuiAvatar-circle makeStyles-avatar-5"
      >
        <img
          className="MuiAvatar-img"
          src="https://img.icons8.com/windows/64/000000/user.png"
        />
      </div>
    </div>
    <div
      className="MuiCardHeader-content"
    >
      <span
        className="MuiTypography-root MuiCardHeader-subheader MuiTypography-body2 MuiTypography-colorTextSecondary MuiTypography-displayBlock"
      >
        undefined - undefined
      </span>
    </div>
    <div
      className="MuiCardHeader-action"
    >
      <button
        aria-label="settings"
        className="MuiButtonBase-root MuiIconButton-root"
        disabled={false}
        onBlur={[Function]}
        onDragLeave={[Function]}
        onFocus={[Function]}
        onKeyDown={[Function]}
        onKeyUp={[Function]}
        onMouseDown={[Function]}
        onMouseLeave={[Function]}
        onMouseUp={[Function]}
        onTouchEnd={[Function]}
        onTouchMove={[Function]}
        onTouchStart={[Function]}
        tabIndex={0}
        type="button"
      >
        <span
          className="MuiIconButton-label"
        >
          <svg
            aria-hidden="true"
            className="MuiSvgIcon-root"
            focusable="false"
            role="presentation"
            viewBox="0 0 24 24"
          >
            <path
              d="M12 8c1.1 0 2-.9 2-2s-.9-2-2-2-2 .9-2 2 .9 2 2 2zm0 2c-1.1 0-2 .9-2 2s.9 2 2 2 2-.9 2-2-.9-2-2-2zm0 6c-1.1 0-2 .9-2 2s.9 2 2 2 2-.9 2-2-.9-2-2-2z"
            />
          </svg>
        </span>
      </button>
    </div>
  </div>
  <div
    className="MuiCardContent-root"
  >
    <p
      className="MuiTypography-root MuiTypography-body2 MuiTypography-colorTextSecondary"
    />
  </div>
  <div
    className="MuiCardActions-root"
    style={
      Object {
        "backgroundColor": "#b3b3b3",
      }
    }
  >
    <img
      src=""
    />
  </div>
</div>
`;
